Processing goblin_head (board: esp32-s3-devkitc-1; platform: espressif32; framework: espidf)
--------------------------------------------------------------------------------
Verbose mode can be enabled via `-v, --verbose` option
CONFIGURATION: https://docs.platformio.org/page/boards/espressif32/esp32-s3-devkitc-1.html
PLATFORM: Espressif 32 (6.12.0) > Espressif ESP32-S3-DevKitC-1-N8 (8 MB QD, No PSRAM)
HARDWARE: ESP32S3 240MHz, 320KB RAM, 8MB Flash
DEBUG: Current (esp-builtin) On-board (esp-builtin) External (cmsis-dap, esp-bridge, esp-prog, iot-bus-jtag, jlink, minimodule, olimex-arm-usb-ocd, olimex-arm-usb-ocd-h, olimex-arm-usb-tiny-h, olimex-jtag-tiny, tumpa)
PACKAGES: 
 - framework-espidf @ 3.50500.0 (5.5.0) 
 - tool-cmake @ 3.30.2 
 - tool-esp-rom-elfs @ 0.0.1+20241011 
 - tool-esptoolpy @ 2.40900.250804 (4.9.0) 
 - tool-idf @ 1.0.1 
 - tool-mconf @ 1.4060000.20190628 (406.0.0) 
 - tool-ninja @ 1.9.0 
 - tool-riscv32-esp-elf-gdb @ 11.2.0+20220823 
 - tool-xtensa-esp-elf-gdb @ 11.2.0+20230208 
 - toolchain-esp32ulp @ 1.23800.240113 (2.38.0) 
 - toolchain-riscv32-esp @ 14.2.0+20241119 
 - toolchain-xtensa-esp-elf @ 14.2.0+20241119
Warning: the 'src_filter' option cannot be used with ESP-IDF. Select source files to build in the project CMakeLists.txt file.

Reading CMake configuration...
Warning! Flash memory size mismatch detected. Expected 8MB, found 2MB!
Please select a proper value in your `sdkconfig.defaults` or via the `menuconfig` target!
LDF: Library Dependency Finder -> https://bit.ly/configure-pio-ldf
LDF Modes: Finder ~ chain, Compatibility ~ soft
Found 1 compatible libraries
Scanning dependencies...
No dependencies
Building in release mode
Linking .pio\build\goblin_head\firmware.elf
pio : C:/Users/User/.platformio/packages/tool
chain-xtensa-esp-elf/bin/../lib/gcc/xtensa-es
p-elf/14.2.0/../../../../xtensa-esp-elf/bin/l
d.exe: .pio/build/goblin_head/src/subsystems/
goblin_torso/goblin_torso_main.cpp.o:F:\GitHu
b\p32-animatronic-bot/src/subsystems/goblin_t
orso/goblin_torso_main.cpp:9: multiple 
definition of `g_loopCount'; .pio/build/gobli
n_head/src/subsystems/goblin_head/goblin_head
_main.cpp.o:F:\GitHub\p32-animatronic-bot/src
/subsystems/goblin_head/goblin_head_main.cpp:
9: first defined here
At line:1 char:1
+ pio run -e goblin_head 2>&1 | Tee-Object 
build_errors.log
+ ~~~~~~~~~~~~~~~~~~~~~~~~~~~
    + CategoryInfo          : NotSpecified:  
   (C:/Users/User/....st defined here:Strin  
  g) [], RemoteException
    + FullyQualifiedErrorId : NativeCommandE 
   rror
 
C:/Users/User/.platformio/packages/toolchain-
xtensa-esp-elf/bin/../lib/gcc/xtensa-esp-elf/
14.2.0/../../../../xtensa-esp-elf/bin/ld.exe:
 .pio/build/goblin_head/src/subsystems/goblin
_torso/goblin_torso_main.cpp.o: in function 
`app_main':
F:\GitHub\p32-animatronic-bot/src/subsystems/
goblin_torso/goblin_torso_main.cpp:11: 
multiple definition of `app_main'; .pio/build
/goblin_head/src/subsystems/goblin_head/gobli
n_head_main.cpp.o:F:\GitHub\p32-animatronic-b
ot/src/subsystems/goblin_head/goblin_head_mai
n.cpp:11: first defined here
collect2.exe: error: ld returned 1 exit 
status
*** [.pio\build\goblin_head\firmware.elf] 
Error 1
========================== [FAILED] Took 
3.75 seconds ==========================

Environment    Status    Duration
-------------  --------  ------------
goblin_head    FAILED    00:00:03.754
==================== 1 failed, 0 succeeded 
in 00:00:03.754 ====================
